factory assets=79 trades=9528 errors=0 in 593s
	Command being timed: "timeout 2400 python3 -m pipeline.factory"
	User time (seconds): 29.18
	System time (seconds): 1.81
	Percent of CPU this job got: 5%
	Elapsed (wall clock) time (h:mm:ss or m:ss): 9:53.00
	Average shared text size (kbytes): 0
	Average unshared data size (kbytes): 0
	Average stack size (kbytes): 0
	Average total size (kbytes): 0
	Maximum resident set size (kbytes): 574372
	Average resident set size (kbytes): 0
	Major (requiring I/O) page faults: 0
	Minor (reclaiming a frame) page faults: 178641
	Voluntary context switches: 28508
	Involuntary context switches: 396
	Swaps: 0
	File system inputs: 0
	File system outputs: 124112
	Socket messages sent: 0
	Socket messages received: 0
	Signals delivered: 0
	Page size (bytes): 4096
	Exit status: 0
52M	bars
9.9M	factory
