traditional assets=52 errors=0 in 13s
	Command being timed: "node pipeline/traditional.cjs"
	User time (seconds): 15.43
	System time (seconds): 0.45
	Percent of CPU this job got: 124%
	Elapsed (wall clock) time (h:mm:ss or m:ss): 0:12.76
	Average shared text size (kbytes): 0
	Average unshared data size (kbytes): 0
	Average stack size (kbytes): 0
	Average total size (kbytes): 0
	Maximum resident set size (kbytes): 462760
	Average resident set size (kbytes): 0
	Major (requiring I/O) page faults: 627
	Minor (reclaiming a frame) page faults: 141902
	Voluntary context switches: 18977
	Involuntary context switches: 866
	Swaps: 0
	File system inputs: 87776
	File system outputs: 216
	Socket messages sent: 0
	Socket messages received: 0
	Signals delivered: 0
	Page size (bytes): 4096
	Exit status: 0
